// Jest Snapshot v1, https://goo.gl/fbAQLP

exports[`MapPlacemarksManager renders correctly 1`] = `
.c2 {
  background-color: #fff;
  width: 300px;
  font-family: 'Montserrat',sans-serif;
  padding-left: 10px;
  height: 60px;
  margin: 0px;
  outline: none;
  box-sizing: border-box;
  border: 1px solid #efefef;
  -webkit-transition: all 0.25s;
  transition: all 0.25s;
  margin-bottom: 20px;
}

.c2:focus {
  border: 1px solid #a7a7a7;
}

.c3 {
  background-color: #f3f3f3;
  border: 1px solid #efefef;
  width: 300px;
  padding: 0px;
  margin: 0px;
  outline: none;
  -webkit-user-select: none;
  -moz-user-select: none;
  -ms-user-select: none;
  user-select: none;
}

.c3 li {
  box-shadow: none;
}

.c3:active {
  cursor: row-resize;
}

.c4 {
  width: 600px;
  height: 400px;
  padding: 10px;
}

.c1 {
  padding: 10px;
}

.c0 {
  display: -webkit-box;
  display: -webkit-flex;
  display: -ms-flexbox;
  display: flex;
}

<MapPlacemarksManager>
  <styled.div>
    <div
      className="c0"
    >
      <styled.div>
        <div
          className="c1"
        >
          <AddPlacemarkForm
            onPlacemarkAdd={[Function]}
          >
            <form
              onSubmit={[Function]}
            >
              <styled.input
                name="name"
                onChange={[Function]}
                placeholder="Новая точка маршрута"
                required={true}
                value=""
              >
                <input
                  className="c2"
                  name="name"
                  onChange={[Function]}
                  placeholder="Новая точка маршрута"
                  required={true}
                  value=""
                />
              </styled.input>
            </form>
          </AddPlacemarkForm>
          <SortablePlacemarksList
            onPlacemarkDelete={[Function]}
            onPlacemarksOrderUpdate={[Function]}
            placemarks={Array []}
          >
            <sortableList
              axis="y"
              distance={0}
              getHelperDimensions={[Function]}
              hideSortableGhost={true}
              items={Array []}
              lockAxis="y"
              lockOffset="50%"
              lockToContainerEdges={true}
              onItemDelete={[Function]}
              onSortEnd={[Function]}
              pressDelay={0}
              pressThreshold={5}
              shouldCancelStart={[Function]}
              transitionDuration={300}
              useDragHandle={true}
              useWindowAsScrollContainer={false}
            >
              <Component
                items={Array []}
                onItemDelete={[Function]}
              >
                <styled.ul>
                  <ul
                    className="c3"
                  />
                </styled.ul>
              </Component>
            </sortableList>
          </SortablePlacemarksList>
        </div>
      </styled.div>
      <YandexMapContainer
        mapCenter={
          Array [
            55.75120138894101,
            37.62371955158138,
          ]
        }
        onMapCenterUpdate={[Function]}
        onPlacemarkCoordinatesUpdate={[Function]}
        placemarks={Array []}
      >
        <styled.div
          innerRef={[Function]}
        >
          <div
            className="c4"
          />
        </styled.div>
      </YandexMapContainer>
    </div>
  </styled.div>
</MapPlacemarksManager>
`;
